CCTCCTC
CACCA
GGAGGAG
TCCCTT
CGGGGGCG
ACCAA
CCAAAA
GGTGTGG
AAGGGGAA
CGGGGC
AATAATT
CCACC
ATTATTA
TTCCCCCCT
GGGAAGA
GAGAAAAAG
TGTTTTT
GCCGGCGG
TTTTTATTA
TTTTCCT
CCCAAC
CCACC
AAATAT
GGTTTGTT
GGGAAGA
CAACAA
TTCTCT
GGGAGGA
ATTTTAAA
ATTTATA
GGTGTTT
CCCACACA
CCGCGCGGG
CAACCA
CCTCTTTCCC
TCCTT
CACACCC
CCACC
ATTATTA
TTCCCCCCT
GGTTTGTT
GGGAAGA
ACCCC
ACACAA
AAAGGGG
TTAATAA
CGGCCCCCCCGC
ATTAT
GGAGGGA
CCACCCACC
CGGGGCGCC
CCTCTCCT
GGGTTTGGG
GAGAAA
CCACC
ATTATTA
TTCCCCCCT
GGTTTGTT
GAGAGGG
AACCCC
TCCCTC
GTGTTT
CCCCCTCT
AAGGGGAA
GAAGAAAGA
GCGCCGC
TGGGGTTGT
ACCCA
CGGGGGC
GAGAGAGGA
TAAATTTT
AAAGGAAGA
CCGGGCG
CGGGCGGCCC
AATAAAT
CCGCGC
AGGGGAAAAGA
ATTATAA
TAAATATAT
CCACC
ATTATTA
TTCCCCCCT
GGTTTGTT
GGGAAGA
TAATTAT
GAAAAAGAG
CCACC
ATTATTA
TTCCCCCCT
GGTTTGTT
GAGAGGAA
CCCGCG
ATAATATTAA
TATTATTTAA
GTTTGGTGT
GTGGGTTT
AAGAAAGA
GCGGGCC
GAAAGAA
TTTCCCTC
CCGGGC
ATATAAT
GGTGGGTGTTGG
AATTTTT
GGTTTG
GAGAAAGGG
GAGAAG
GAGGAGA
GGCCGC
GGCCCCGGGG
CCCGG
ATTATTA
TTCCCCCCT
GGTTTGTT
GGGAAGA
ATTTTTAT
CACCCACCC
CACCC
GAGGAA
TCTCCTCTCTTCC
AAGGGAAA
CCCACCA
TTCTCT
TTGTGGTT
GAGAGG
AGAAGAAA
CCACC
ATTATTA
TTCCCCCCT
GGTTTGTT
CCTTCTCTCC
TCTCTC
CCCACA
GAGGGAGAA
CCTTTTC
GGCGGCG
AAACAAA
TTGTTTTT
CGGGCCGC
TTCCTCCTTCCTTT
GCGCG
CTTTTCCT
AGGAGGG
AAAATAT
GGCCGGG
TCCCCTT
AAAAAAATAAA
CCACC
ATTATTA
TTCCCCCCT
GGGAAGA
TGGTGTGGT
TAAATTT
GGAAGA
CTCTCTCCT
TGTGTT
ATTATTA
TTCCCCCCT
GGTTTGTT
GGGAAGA
GAAAGAG
CTTTTC
ACCCCAAC
AAGAAGAAGA
GAGAG
AACCCACC
GCGGCCG
ATATATT
CCTCCCC
TTCTCCT
CCTTCT
CCACC
TTATTA
TTCCCCCCT
GGGAAGA
TGGGTTT
ACCCACAA
GGGGGTGT
CTTCCCC
CCTTCC
GAGGAGG
AAATAT
CCGCGCCC
CGGCGCCG
GAGA
AAACCAA
TATATA
TCTTTTCC
AATTAATT
CACACC
CCACC
ATTATTA
TTCCCCCCT
GGGAAGA
TGTGGGTGTTGGT
TGGTTTG
GAAGAGG
GTGTTTT
CACAA
TTTGTGTT
GGTTGTGG
ATAAAT
TGTGTTGGT
TCCTCT
CCCTC
ATTATTA
TTCCCCCCT
GGTTTGTT
GGGAAGA
AAGGAA
CTTCTCC
GGAAAAAAGAGA
TGTGGTGT
CACAACCC
AAGAGG
CCCCCACA
GCCGG
AGGAGGGGA
AAACACCCCA
ACCCA
TTCCCTTT
GGAAGAGA
ACCAA
GAGGAG
CCAACCA
AAGGAA
CCCTTTTCT
TAATT
AAAGGGAAA
ATTTTA
GAGAAGGG
CCCTC
ATTATTA
TTCCCCCCT
GGTTTGTT
GGGAAGA
CGGGCGG
ATATTAA
CCCGCGGC
CAACAAACC
GGGGCCCG
ACCAA
GGGGCGCG
CACCCCCAACAAA
CGGGC
CCCTCTCC
TTTGGTGGTT
CCACC
ATTATTA
TTCCCCCCT
GGTTTGTT
GGGAAGA
GCGGCG
AATAAAAAT
CGCCC
TTCTCT
CCTCTTT
CCACC
ATTATTA
TTCCCCCCT
GGTTTGTT
GAGAGGA
AAGAGGG
TTTTAAA
AAAGAGGG
GCCCGCGCCC
AAGGAA
TAAATATA
AACCC
CCACCA
CCCCTTCCC
TCCCT
TGTGTTTTTT
CCACC
ATTATTA
TTCCCCCCT
GGTTTGTT
AAACAAA
TGGTTTG
CTCCTCC
GCCGCCGCCGGG
GGGTTGGT
TTTCTC
ATTTTA
TATAAT
CCCCGGG
ACAAAC
CACCAACC
AGGAAAAA
GAGAAGAAGA
TGGTGG
CCACC
AAATAT
GGTTTGTT
GGGAAGA
CCCTTTTCT
GGAAGAG
ACCAAAA
CAAAACCCC
GAAAGA
ACACAAAAC
ACAAAACC
GGCGCCGC
TGGGGTT
GGGAAGG
AACAA
ACAACAAAC
GGTTTGGGTT
TTTAAT
AGGGAAAGAAA
TCCTCTC
ATATTT
ATTATTA
TTCCCCCCT
GGTTTGTT
GGGAAGA
GGGGGAG
AAGGGG
CGCGGGGC
ACACCAAA
CGCGCC
AGAAG
TAAATTAAT
TTTATTT
AGAAAA
TTATTATT
CCCCGCC
GGTTGTGG
GTTGGTT
TTTTGTT
AAACC
CCCTC
ATTATTA
TTCCCCCCT
GGTTTGTT
GGGAAGA
GAAGGGGA
TTAAAAAA
GCGGCCGG
TCCTTCTTCTT
GCCCGGGCC
GGTTTTT
GGGAGG
CCACCACC
ACACCC
CCACC
ATTATTA
TTCCCCCCT
GGTTTGTT
GGGAAGA
CCCCCTTT
TTCTTC
CTTTCTTTCCTCT
ACAACACA
CCCAAC
TGTGT
CCGCCCC
AACACA
GGGGCGG
TAAAAAT
TTCCTTCTC
TTCCTC
CGCCCCG
AACCAC
GCCCCCGC
AACCACACA
CCACC
ATTATTA
TTCCCCCCT
GGTTTGTT
GGGAAGA
TCTCTCTTCCCCC
AGGGAAGG
CACACAAC
AAATAAA
CCAAAC
TGTGGGTT
AGGAG
GGGAGAG
CCACC
ATTATTA
TTCCCCCCT
GGTTTGTT
GGGAAGA
TGTGGGGGGG
TCCTTCTCT
CACAACCA
GAGGAG
GGGAAGA
CAAACCACC
TATAATA
CACCACAA
TTGGGTG
AAGGAA
GGGTTGT
TAATTAA
CAAAACCC
TAATAT
CGGCCCGC
CCACC
ATTATTA
TTCCCCCCT
GGTTTGTT
GAGAGGAA
CAACACAA
TCCCCTT
GGTGGGTTTGT
CGGGGCGCC
AGGGGGGAG
TCCCTTT
AACCCCA
TTGTGTT
TTCTTCC
CGGCCGC
TCTTTCTCC
TTTTAAATAT
AATAATATTA
CGCCCG
CCACC
ATTATTA
TTCCCCCCT
GGTTTGTT
GAGAGGG
AAAATA
GGGGCCGGG
GGGTTTGGG
TTATTAA
ACAAAAAC
TTGGTT
CAACCAC
AAGGGAA
GGGGGCGGG
CCGCCC
GGAGGA
GGAAAG
CCACC
ATTATTA
TTCCCCCCT
GGTTTGTT
GAGAGGAG
GCGGGC
TAAATT
AAAATAAT
GAAAGGG
CTTTTCCC
GGGGAGAG
CCACC
ATTATTA
TTCCCCCCT
GGGAAGA
GAGAGGG
CCCTTTT
CCCCAA
CTCTTC
GAAGGAGG
GTTGGTGT
CTCTCCT
GGGTTTTG
ACACAA
TGTGGGGG
TGTGTTTG
GGTTGT
GGCCG
AATTATTA
ATTTT
TGTTGTTT
TTCTCT
AAGGGGG
CCACC
ATTATTA
TTCCCCCCT
GGTTTGTT
TGGGTTT
CCACCACCC
TGTGGGTG
CCGCCCGCCC
CCCTCCCC
AGAAAGA
GGGCCGCC
GAGGAAGAA
GAAGAAA
CACACAAA
AATATAT
ATTATTA
TTCCCCCCT
GGTTTGTT
GGGAAGA
CCAAAACC
CACCCA
AACACAAAAC
AGAGAAGGAA
GGAGGAA
TGGGTTT
GGGAAA
GGAGAGGGA
AGGGAGGG
CTCCTTT
TTAAAAAT
GTTGGTGGGG
CTTTTCCTTT
GTTTGTTT
CTCCTCT
CCACC
ATTATTA
TTCCCCCCT
GGTTTGTT
GGGAAGA
GGGGCGGGC
GGGCGGCGGG
TGTGTTTGGT
GTTTGGG
ACACACCC
AAAAGG
GTGTTTG
AACAAAA
CGGGGC
TTGTGGGG
CCCGG
ATTATTA
TTCCCCCCT
GGTTTGTT
GGGAAGA
ACAACCCCC
TCCCCTCC
CGGCGCCGG
GGGCGC
TTTTGGGG
GGTTTTGT
CCACAA
AACAAC
CTTTCTC
GGGCCGGC
CGCGGGCGG
TGTGTGGGTG
TTCCCTCTC
TTTAATTT
GCGGG
ATTATTA
TTCCCCCCT
GGTTTGTT
GGGAAGA
AGAGGGA
CGGGCGCGGCG
GTGGGGG
GGGAGAG
TTTTATTAA
AATTATA
GTGGTGTG
CGCCCGCG
TTAAATTT
ACACAAC
TCTCCTC
AACCCACC
CCACC
ATTATTA
TTCCCCCCT
GGTTTGTT
GAAGGAAAGA
TTTCTTC
CTTCTCCT
TGGGTG
TTTCTCT
ATTATTA
TTCCCCCCT
GGTTTGTT
GGGAAGA
CTTTTTCC
CGCCCCCG
CCCCGC
ATTTTTA
TTCCTCTT
GCGGCG
GGCCGCGC
CCAAACA
GGCGGGGCG
GTGGGTG
TTATAT
GGAAAG
AAAAACCA
ACACAAA
ATTATTA
TTCCCCCCT
GGTTTGTT
GGGAAGA
TCTCTT
GAAAGGAAA
GGCCGCG
CCAAAACAC
CGCCCCGG
TTAATATTAAAAA
TTTAATTA
CGCGGCC
GGTGTT
CCCAAAAAACACC
AAGGAGA
CGGCCGC
TGGGTTT
TTTTCCCTTT
CGGCGCC
CACAAA
CCACC
ATTATTA
TTCCCCCCT
GGTTTGTT
GAGAGGAG
CCACA
AGGGGAA
TTTCTT
AACCAA
AAGAGAG
TGGTGGG
ACAACC
AAAGA
CCACC
ATTATTA
TTCCCCCCT
GGTTTGTT
GGGAAGA
TCTTTCT
CACAAA
GGTTGGTTT
AAAGAGGGG
GAGAGG
TTCTTCCCC
CCCCCGGGC
GGGGTGGTT
AGGAAA
AATTAAATT
CCGGCGC
GGTTGGG
CCGCCGCCCC
CAAACC
GAAGAGA
ACACAAC
AGGGG
CACACACAAC
GTTTTGTTT
CACCA
TCTTCCTT
CCCGG
ATTATTA
TTCCCCCCT
GGTTTGTT
GGGAAGA
CCACAA
TTAATTTAA
GTTGTTTG
GTGTTTTGT
CCCCAAA
CGGGCG
ATATATA
CCACC
ATTATTA
TTCCCCCCT
GGTTTGTT
TGGGTTT
GTTGGTTTTG
TTTTTAA
TAATAAT
TTATTATTTT
AGAGAGA
ATATTTAT
TTATTT
CCAAAA
TTTCTTC
TTTAA
CCCTTCCCT
TTCCTTCT
TTATATA
AAATTAAT
GTTTTTTGGTGGGGT
ATTTATAA
GAAGAA
CCCAA
CCACC
ATTATTA
TTCCCCCCT
GGGAAGA
TGGGTTT
CCAACAA
TTGGGGG
GGGCCCCC
GTGTGGT
CAAAAAC
CCCTC
ATTATTA
TTCCCCCC
GGTTTGTT
GGGAAGA
TGGTTGTG
TTTATAATT
GAAGAG
AACAACA
ATTAAATATT
CACACAA
TTGGGG
CCCTCCC
ACACAA
CCCCTTT
CACACC
GAAAGGGGGAG
CCGCGCCCCC
CCGCGCCC
GTGTGGGGT
GAAGGGG
AAGGA
ATTATTA
TTCCCCC
GGTTTGTT
GGGAAGA
CACAAAAAC
GAGAGAA
AAATTAT
GAAGGAG
ACCCA
GCGCCCCC
TTTATAA
AAGAGAGA
ATAATTT
GCCGC
ATTATTA
TTCCCCCCT
GGTTTGTT
GGGAAGA
ACAAACA
TTGGTGGG
TAAATAAAA
ATTAT
CTCTTTCT
GTGTGG
GTGTGTTTTGG
GCGCGGCC
CACCAAAC
TTATAATTA
CACCCAC
GGGGGAG
TGTTTGTGT
GGGAAAG
TTAAATA
ATTATTA
AAATAT
GGTTTGTT
GGGAAGA
GAGAGG
AAACCAAA
ACAACC
CCTTCTCTCT
GGGGCCGG
TTTTAATAA
AAAAAGAA
CTCTCCC
CACCAC
AAAACA
AGGGAAA
TAATATA
TTATTTTTA
AACCC
GGGAGAAA
CCCGGCCC
TCCTCT
ATTATTA
TTCCCCCCT
GGTTTGTT
GGGAAGA
ATATTT
GTTGTGG
TTTTTAA
TTCCTTTC
GGAGAGG
GAGGGGG
TCTCTT
AAACCA
TAATTTTT
TAATAT
CCACC
ATTATTA
TTCCCCCCT
GGTTTGTT
GGGAAGA
TTATTAT
AAAATAAT
CGGGCGG
TTTTAAA
CTTTCCTC
CTCTCTCTTT
AACCAAA
AGGGAG
CCAAACAA
TCTCTT
CTCTCT
CCTCTTCCCCT
CCACC
ATTATTA
TTCCCCCCT
GGTTTGTT
TGGGTTT
TTTGGGTGG
AGAAGGAG
GGCGGCC
CACCACACA
TAAATT
AACCCC
ATTATTA
TTCCCCCCT
GGTTTGTT
GGGAAGA
TATTATT
AATAAAATT
GGTTTTTGTT
TATATTA
CGCCGGC
CAACCACAAC
CAACCCAC
GGAGAAG
TAATT
TTGTTTTT
ACCAA
TCCCTTTTTCTTCT
AAAGGGAA
CACACA
TTCTCCCCCCCCT
TTCCCTCTTT
CCGGCCCGCGGCC
GTTGTTTTTGT
ACAACC
CCCCAC
CCCACACA
GTTTTTTG
ATTATTA
TTCCCCCCT
GGTTTGTT
GGGAAGA
GAAGG
TTAATTTTT
TCTTTCTTCC
CCACC
ATTATTA
TTCCCCCCT
GGTTTGTT
GAGAGGAG
TTTGTTTT
GTTGTTTTTGG
CGCGGCC
TGTGT
GAAAAGA
GGGGGCC
AATATAAT
AGGAGG
CCCGGGCCGGG
AATTTAA
TAATTTA
CCACC
ATTATTA
TTCCCCCCT
GGTTTGTT
GGGAAGA
TTATTAT
GGAAAGAAG
TTCCCC
CACCCCA
TTTTCTCCT
AAAGGAGG
TCTCCTCCCT
ATATTTT
CTCCTTCCTC
GGCGCGG
ATTAT
CGGCGCCG
ATAATAA
TTTGTTTT
AGAAGGAGAAG
CCCCCGGG
AGGGGGAA
CTCCCTTCTCTTCC
ACCACCACCACC
CCCTC
ATTATTA
TTCCCCC
GGTTTGTT
GGGAAGA
AACAACCC
TTGTTTTG
GGAAAGA
AATATTT
ACACC
CCACC
ATTATTA
TTCCCCCCT
GGGAAGA
CACAAAACCCAA
AGGGAGGAA
TTCTTCCC
CCGCGCG
CCCCGCGCC
GCCCGCGGC
GGAAG
CCGGCC
GTTGGG
TCTCTCCCCTTT
TTAAAAAT
TTAAAATA
GCGCGC
AGAAGAG
AAAGGAG
AGAAAAAAG
ACACAAACC
CCACC
ATTATTA
TTCCCCCCT
GGTTTGTT
TTTTTGGGTTTG
AGAGG
CCACCA
TAATAAA
AAAAGAGAG
AAACCAC
CGCGGCCC
CTCCCTTCCT
TATTAA
GTGGTT
CACCCAAAAAAC
AATTTTTA
TTAATAA
CCACC
ATTATTA
TTCCCCCCT
GGTTTGTT
GAGAGGAAAA
TATATA
CACCAAA
TTTGTTTG
TCTCCCC
GTTGGTG
GAAGGGA
GGGAAG
ATATATAATTAAT
GGGCCCG
CTTCCCC
TTGGTGTT
CTTCTTTCT
GAGAGGG
AGAGGGA
TTATTT
CCACC
ATTATTA
TTCCCCCCT
GGTTTGTT
GGGAAGA
AACAACC
AGAGGA
CACCAA
GCCGCC
AAGGGAGG
CCGCG
CCGCGCG
AAGAGAAA
CACCCCC
CCTCCTTTCT
TTATTAA
AATTTT
ATAAAT
AAACAA
CCGGGGCGGGCG
AAAAGGGG
ATTATTA
TTCCCCCCT
GGTTTGTT
GGGAAGA
GGGGAAGAG
ATTTAAATA
CCACC
ATTATTA
TTCCCCCCT
GGGAAGA
GAGAGGG
CCCGGGG
GCCGGCG
CCACCCAAACC
AGGAGG
GTTTTGGTT
CGCCCGGCC
AAAACA
ACCCA
CCTCCTC
TATTAA
CGGCCG
CACCCCAC
ATTATTA
TTCCCCCCT
GGTTTGTT
GGGAAGA
TTTTCTCTT
TTTTATT
CAAACAACA
GGTGGTT
AACAC
GGGCGGG
GGCGCCC
AAAGGGGA
GTGGTG
GGGAAGGGA
AGAAAGGG
GAAAAAGA
AGAAGA
GGCCCCGC
AGGAGGAG
CCACC
ATTATTA
TTCCCCCCT
GGTTTGTT
CTCCCCCTT
TGGTGGT
CACACCC
ATTTATTA
CAACCAA
CCCCACCCCAAA
TGTTTTGG
GTGGTGTT
ACCACCA
CGCGCCCCG
AATAATTTA
TATTTT
CCACC
ATTATTA
TTCCCCCCT
GGTTTGTT
GAGAGGGAGG
CGCCGCCG
CCCAAACA
GAAAGG
CCCCGGC
TTAATAAAA
AACCCACC
TTTAAATT
CGGGCCG
TTTCCCCT
GAAGAAGA
TCTTTTCCCTCCT
GCCGGGGC
GTGGTTT
CCCAAC
TATATA
ATTATTA
TTCCCCCCT
GGTTTGTT
GGGAAGA
CCGGCCGCC
AAATT
ACAACCAC
GCGCCG
CCAACC
AGGGAGA
GAGAAA
CCCCTT
CCCGCGC
TTGGGTG
TTTCTT
CGCGCGC
TTTTTCCT
CAAACCAA
CCACC
ATTATTA
TTCCCCCCT
GGGAAGA
GAGAGGG
CGCGGGCCC
TGGTGGTGG
ATAATTA
GAAAGG
GAGGAGAGAAA
TTGTG
AATTATATTA
TTGTTTTG
CACCCCA
TCCCTTTCC
GTTTGTTTGTG
GGTTTGG
CAAACAACCAC
GGGGGGCCG
TGTTGTTGTT
CCACC
ATTATTA
TTCCCCCCT
GGTTTGTT
GGGAAGA
CAAACCA
ACCCCAAA
GCCGGGCG
TTTTTAT
CCGCGGGCCC
CCCCTTCT
CTTTC
AACACAACAC
AACAAACA
CCCACAA
CGGGC
ATTATTA
TTCCCCCCT
GGTTTGTT
GGGAAGA
CACCAAC
CCCACCC
TTCCCTCCCT
TTATAAAT
GCCCGCC
CCCGGCC
GCGGCCGCGCC
ACCCCCACAC
CCGCCGCCGG
GTGGGGTG
CTTCTTCCTT
GAAAGGAGA
GAAAGA
CCACC
ATTATTA
TTCCCCCCT
GGTTTGTT
TGGGGGGT
CCCACCAA
TTATAT
TTTTGGGG
GGGCGG
TAAATTTT
GAAAAG
TTATATAA
TTTTGTT
TAATATTAAA
GCCCGCGC
CCCGG
ATTATTA
TTCCCCCCT
GGTTTGTT
GGGAAGA
TCCCTCTT
CGCCCG
GCCGCGCG
GTGTTTTTG
ATTTATTAAT
GGCGC
ACAAA
CCCAAC
AAAAGGG
TATATA
GGCCGCC
CCACC
ATTATTA
TTCCCCCCT
GGTTTGTT
GGGAAGA
TGTGGT
CGCGCC
AGGAG
GCGCGG
GTTTTGTG
AAAGGAG
GTTGTG
CGGCCGC
CCCTTCTT
ATTTA
GGAAAAGGAGA
AAAGAGGGA
TGTGTTGT
CTTTC
CCACC
TTATTA
TTCCCCCCT
GGGAAGA
TGGGTTT
GGGCGGCCG
AAGGAAGG
CTCCCTCT
GAGAAGA
CACCAACCCCC
TGGGTTTGGT
TCCCCT
CACCAAACCAACA
ATTATT
CCGGCCGC
CCGCCGCC
GCGCGG
ACAACCA
TAATTAT
TGTGTT
ATTATTA
TTCCCCCCT
GGTTTGTT
GGGAAGA
AGGGAAGG
GTGTGGT
GAAGAAGGAGAGG
ACAAAC
AATTTTT
GGGAGGAGAG
AATATT
TGTTTTTG
AAAACCAACC
ACAAA
CCCCAACA
TTAAAAA
CGCCGCGCG
CCACC
ATTATTA
TTCCCCCCT
GGTTTGTT
GGGAAGA
AAAAAGGAAG
TCCCTCTTCC
TAATT
CCACC
ATTATTA
TTCCCCCCT
GGGAAGA
GAGAGGA
TATATAT
CCCACC
GGGGCGGG
AAAGGAA
CTCTTTC
AAGAAAGGGA
GGGGGCGC
AAGGAAGAA
AAAAGA
GTGTGGTT
GGGCC
CACCCC
GGGGAA
ATAATAT
CCACC
AAATAT
GGTTTGTT
GGGAAGA
GAGAGG
CTTTCTTTTCT
TTTGTTTG
CCCCCAACC
TCCCTTTTC
CAAACACA
CTCCCCTCTTTCC
GAGAAA
TTTTCCTTC
AGAAGAAAAA
GCCGCGG
GAGGAAGAGG
GAGAAAG
GGCCCCG
TATAAAATTT
CCACC
ATTATTA
TTCCCCCCT
GGTTTGTT
AAAATAA
AAGAGAAAG
AAAACAACAA
GCCCGGCC
CCCGGGG
CCACAAAA
ATTTAA
TTCCCTC
TCCCCTCT
CGGCGCGG
CACCAAC
ACAAAAA
AAATAAT
TTGTGTT
CCACC
ATTATTA
TTCCCCCCT
GGGAAGA
GAGAGGGA
GAGGAAA
CAAAAC
ACCCAC
GGCGCG
CTCTCCCC
GGGGAA
TTTTGTTT
ATAAATAAATA
CCAACCA
TTTATT
CCACC
ATTATTA
TTCCCCCCT
GGTTTGTT
GGGAAGA
AAGGGG
CCAACCC
CTTTTTCTCCTT
CCTCCT
CTTCCTCC
AAAAGA
CCACCCAC
GAGAAGA
TCTTTTC
AGGAGAA
CCGGGGCCGC
TGTGTTG
CAACAAA
TAATTTA
ATTATTAT
CTTCTT
TTTGGT
AAATATATT
CCACC
AAATAT
GGTTTGTT
GGGAAGA
GAGAGG
CAAACCAA
TTATTAAAA
TTCTCCC
ATATTATT
AAACAC
TTATTATAT
CACCCACA
TCCTTTTT
CCACC
ATTATTA
TTCCCCCCT
GGGAAGA
AAAAATA
TATTTATTAT
AACCAA
ATATAATAT
CTTTCC
AAGAGGGA
AGAAAA
ACAAACC
GAAAA
AGAGG
CCACCAC
TATTTTTA
GCCGCGCC
AGGAAGG
GGGTTGTGT
CCGGC
GCGGCCCG
CCCGCGCGG
CCACC
ATTATTA
TTCCCCCCT
GGGAAGA
TGGGTTT
GCGGCCCCGG
GGTGGG
CCCAACAAA
TCTCCCTTCC
CCGCCGCGCCGC
AACAC
CCACC
ATTATTA
TTCCCCCCT
GGGAAGA
TCCCTTCT
GTGTTGG
CACAAA
ATATAT
AACAACACA
AAAAAGA
AACCCC
TGTGTGTT
ACACC
CCAACA
AATAAT
TTAAATAATA
AAAAAAGA
CACAACAACAC
CCCTC
ATTATTA
TTCCCCC
GGTTTGTT
GGGAAGA
GAGAGGA
AAAGAGAG
TTTTTAT
AGGAGAGA
CGCCCCCGG
CACCCACC
CCCCGCG
CCACC
ATTATTA
TTCCCCCCT
GGTTTGTT
GAGAGGAA
ATTATA
CCCCAAA
CCCCCG
CCCCCCACC
CGCCGG
AAAATAA
AATAAT
GAAGAAAA
TTTTGT
GAGGAAAA
GGAGAG
CCTTTTTT
GCGCGC
ATTATTA
TTCCCCCCT
GGTTTGTT
GGGAAGA
TTATTA
AGGGGAAGGG
ACACACC
GCGCCGGG
CCTTCCCCT
GGGGGAGG
AAGAG
AACAAA
TTGTTGT
AACAAA
TAAAAT
GAAAAGGA
TTCCCCT
AAGAAAGGA
TATATAT
CCGCCGG
CCCTTTC
GGCCGCCCG
GAAGGAA
CCACAAA
GTTGGT
ATTATTA
TTCCCCCCT
GGTTTGTT
GGGAAGA
AGAGGGGA
CCAAA
ACCA
TCCTTCCC
GAGAAG
AATTAAA
GAGGGGAAG
CCACC
ATTATTA
TTCCCCCCT
GGTTTGTT
GGGAAGA
CCGGGCG
GCCGCCC
GGAAAAA
AACCAAACCCA
AAAGGG
AATTTATT
GCCGCCCCC
ACAAAA
TTTGTTT
CACCCAAA
AAACCCACCA
GGAAAGGGGG
CCAAACACC
TTTAATA
ACCACCA
TTTTTATTTTAA
TTTTTGGTG
CCCGGCG
CCACC
ATTATTA
TTCCCCCCT
GGTTTGTT
GAGAGGGAG
TTGGGTG
TGGGTG
ACACC
AATTTT
GTTTGTGGTTTGG
GCGGCGC
TATATTT
AAACC
GGCGCCCG
CACCCCACCA
GTTGGTT
CAACCCA
CGGCGCCG
CCACC
ATTATTA
TTCCCCCCT
GGTTTGTT
GAGAGGAAG
CCACCC
CCTCT
AAGGGGG
TTTTTGTG
TCTCCTTCCC
TTTTTAAAT
AAACCCCACAAAC
TAAATTAT
AAAGA
TTGTTGTGT
ACCACC
CCACC
ATTATTA
TTCCCCCCT
GGGAAGA
GCCCCGCGC
GGGTGTG
AGAAGAGG
ACAAAA
GGAAAGG
CTCTT
TAAATT
CGCCCCC
ATTAAT
GGGAGAA
CGCCCG
TTTCCCC
CGCCGGC
CCACC
ATTATTA
TTCCCCCCT
GGTTTGTT
TGGGTTT
ACAACCA
GGAAA
ACAAAACAAC
CCACC
ATTATTA
TTCCCCCCT
GGTTTGTT
GAGAGGA
CCAAAAC
AACCCAC
GGAGAAAG
GCGCCGCG
GGGGGAAAGG
TTAAAAA
CGGGCC
GCCCCCCGG
AGGGAGAGGG
GGCGCGCCG
AAAAAGAG
AAAATAAT
AAAAAAGAG
TCCTCCT
ACAACAACC
TCTTCCC
CAACCCCCA
CCCTTCT
ACAACA
CCACC
ATTATTA
TTCCCCCCT
GGTTTGTT
GGGAAGA
CCCCCA
ACCC
GTTGTGTTGGG
GTGTGT
TATTAAA
GGCCCG
CCACC
ATTATTA
TTCCCCCCT
GGGAAGA
CGGGCGC
TTTGTGT
TTTGGGTG
CACACAC
CCCACCC
CACCA
AAGAGGAGGAA
CGCGCCG
GGAGGAG
GAGAGAA
AACAA
CCCTCCCTT
AGAGGAAG
AAAAAAATAAA
ATTTTTT
CAAACC
CCACC
ATTATTA
TTCCCCCCT
GGGAAGA
AAGGGAAGAAG
CCCGGG
TTGGTGGTGG
GGGCCGCC
GTGGTGGTT
CCCCGC
GTGTTTT
GCCCGCC
AGGAAA
CCTCTCTTCTCT
ATTTAAAT
CCACC
ATTATTA
TTCCCCCCT
GGTTTGTT
GTGTTGTTT
CAACCAACACC
AAATATT
AGGAAGGGG
GGAGAAG
TGTGTTTGT
TTAAAATTTA
TTCCTTCCT
TATTA
GTGGTGTGG
AATTTA
CTTCTTC
CGGCCCCG
CGCCGC
GGAAAAAG
CCACC
ATTATTA
TTCCCCCCT
GGTTTGTT
GAGAGGA
ACCCCC
CCCTTTCC
TCTCCTT
GAGAAAGA
ATTAAT
ATATAT
GGGTGGT
GCCCGCG
AGAGGAGAG
CGGGGCCGC
TAAAAAATAT
AAAAAGAAG
ATTATTA
TTCCCCCCT
GGTTTGTT
GGGAAGA
ATTATAAT
TTAAATA
TATAAAT
ATTAATTTT
GAGGAGAA
CTCCCCT
TCCTTTTCCTTTC
AGAGGG
CCTTTCCCTCCTCTC
GAGAGAGA
TTTTTGGT
CCACCA
CTTTTTC
TTTCCC
AGAGAAA
GCCCGGCGCG
GTGTGG
AACAAAC
GTGGGT
CCACC
ATTATTA
TTCCCCCCT
GGTTTGTT
GGGAAGA
CCCGGGGC
ACCCAACCAC
AAACCAA
GGAGAAAGGG
TCTTCCT
CCACC
ATTATTA
TTCCCCCCT
GGTTTGTT
GAGAGGAGG
GGGAG
AATTAAA
AGGGGAAG
CCTCCCTC
TCTCCTC
GAGGGG
AAAAAC
CTTTC
GGGGAGGA
CCGCCCCGG
ACCCAA
AAGAAAA
CCACC
ATTATTA
TTCCCCCCT
GGTTTGTT
GAGAGGAA
AAACAAAAA
ATTTATT
CCCCAAAC
ACCCAA
CCGCCGC
CCCAA
AAGGGA
ACACC
CTTCTT
ACCCCCCA
ACCAAAA
CAAAAACC
AAAAGG
ATTATT
AAATAT
GGTTTGTT
GGGAAGA
GGTGGGG
CTTCTC
AAGGAGG
GGGGTGTT
GGGGCGCCGC
AAACCA
CCACAA
TTCTCTT
